Archive member included to satisfy reference by file (symbol)

c:/program files (x86)/atmel/studio/7.0/toolchain/avr8/avr8-gnu-toolchain/bin/../lib/gcc/avr/5.4.0/avr5\libgcc.a(_udivmodsi4.o)
                              HAL/BLUETOOTH/Bluetooth_UART.o (__udivmodsi4)
c:/program files (x86)/atmel/studio/7.0/toolchain/avr8/avr8-gnu-toolchain/bin/../lib/gcc/avr/5.4.0/avr5\libgcc.a(_exit.o)
                              C:/Program Files (x86)/Atmel/Studio/7.0/Packs/atmel/ATmega_DFP/1.3.300/gcc/dev/atmega32/avr5/crtatmega32.o (exit)
c:/program files (x86)/atmel/studio/7.0/toolchain/avr8/avr8-gnu-toolchain/bin/../lib/gcc/avr/5.4.0/avr5\libgcc.a(_copy_data.o)
                              APP/Home_Login.o (__do_copy_data)

Discarded input sections

 .data          0x00000000        0x0 C:/Program Files (x86)/Atmel/Studio/7.0/Packs/atmel/ATmega_DFP/1.3.300/gcc/dev/atmega32/avr5/crtatmega32.o
 .bss           0x00000000        0x0 C:/Program Files (x86)/Atmel/Studio/7.0/Packs/atmel/ATmega_DFP/1.3.300/gcc/dev/atmega32/avr5/crtatmega32.o
 .text          0x00000000        0x0 APP/Home_Login.o
 .data          0x00000000        0x0 APP/Home_Login.o
 .bss           0x00000000        0x0 APP/Home_Login.o
 .rodata.str1.1
                0x00000000       0x7d APP/Home_Login.o
 .text.LogIn_Check
                0x00000000       0xe8 APP/Home_Login.o
 .text.LogIn_Operation
                0x00000000       0x30 APP/Home_Login.o
 .debug_info    0x00000000      0x2b3 APP/Home_Login.o
 .debug_abbrev  0x00000000       0xd6 APP/Home_Login.o
 .debug_loc     0x00000000      0x306 APP/Home_Login.o
 .debug_aranges
                0x00000000       0x28 APP/Home_Login.o
 .debug_ranges  0x00000000       0x18 APP/Home_Login.o
 .debug_line    0x00000000      0x202 APP/Home_Login.o
 .debug_str     0x00000000      0x250 APP/Home_Login.o
 .comment       0x00000000       0x31 APP/Home_Login.o
 .debug_frame   0x00000000       0x58 APP/Home_Login.o
 .text          0x00000000        0x0 APP/Menu.o
 .data          0x00000000        0x0 APP/Menu.o
 .bss           0x00000000        0x0 APP/Menu.o
 .rodata.str1.1
                0x00000000       0x8b APP/Menu.o
 .text.App_Menu
                0x00000000       0x54 APP/Menu.o
 .debug_info    0x00000000      0x121 APP/Menu.o
 .debug_abbrev  0x00000000       0xb0 APP/Menu.o
 .debug_loc     0x00000000       0x67 APP/Menu.o
 .debug_aranges
                0x00000000       0x20 APP/Menu.o
 .debug_ranges  0x00000000       0x10 APP/Menu.o
 .debug_line    0x00000000       0xe6 APP/Menu.o
 .debug_str     0x00000000      0x1f1 APP/Menu.o
 .comment       0x00000000       0x31 APP/Menu.o
 .debug_frame   0x00000000       0x34 APP/Menu.o
 .text          0x00000000        0x0 APP/SignUp.o
 .data          0x00000000        0x0 APP/SignUp.o
 .bss           0x00000000        0x0 APP/SignUp.o
 .rodata.str1.1
                0x00000000        0xb APP/SignUp.o
 .text.SignUp_Init
                0x00000000       0x16 APP/SignUp.o
 .debug_info    0x00000000       0xd5 APP/SignUp.o
 .debug_abbrev  0x00000000       0x7e APP/SignUp.o
 .debug_aranges
                0x00000000       0x20 APP/SignUp.o
 .debug_ranges  0x00000000       0x10 APP/SignUp.o
 .debug_line    0x00000000       0xa7 APP/SignUp.o
 .debug_str     0x00000000      0x1d4 APP/SignUp.o
 .comment       0x00000000       0x31 APP/SignUp.o
 .debug_frame   0x00000000       0x24 APP/SignUp.o
 .text          0x00000000        0x0 HAL/BLUETOOTH/Bluetooth_UART.o
 .data          0x00000000        0x0 HAL/BLUETOOTH/Bluetooth_UART.o
 .bss           0x00000000        0x0 HAL/BLUETOOTH/Bluetooth_UART.o
 .text.Bluetooth_Send
                0x00000000        0x6 HAL/BLUETOOTH/Bluetooth_UART.o
 .text.Bluetooth_SendString
                0x00000000       0x32 HAL/BLUETOOTH/Bluetooth_UART.o
 .text.Bluetooth_WriteNumber
                0x00000000       0xe4 HAL/BLUETOOTH/Bluetooth_UART.o
 .text          0x00000000        0x0 HAL/EEPROM/EEPROM.o
 .data          0x00000000        0x0 HAL/EEPROM/EEPROM.o
 .bss           0x00000000        0x0 HAL/EEPROM/EEPROM.o
 .text.EEPROM_Init
                0x00000000        0x6 HAL/EEPROM/EEPROM.o
 .text.EEPROM_WriteByte
                0x00000000       0x28 HAL/EEPROM/EEPROM.o
 .text.EEPROM_ReadByte
                0x00000000       0x2e HAL/EEPROM/EEPROM.o
 .text.EEPROM_WriteString
                0x00000000       0x42 HAL/EEPROM/EEPROM.o
 .debug_info    0x00000000      0x315 HAL/EEPROM/EEPROM.o
 .debug_abbrev  0x00000000      0x168 HAL/EEPROM/EEPROM.o
 .debug_loc     0x00000000      0x21e HAL/EEPROM/EEPROM.o
 .debug_aranges
                0x00000000       0x38 HAL/EEPROM/EEPROM.o
 .debug_ranges  0x00000000       0x28 HAL/EEPROM/EEPROM.o
 .debug_line    0x00000000      0x21c HAL/EEPROM/EEPROM.o
 .debug_str     0x00000000      0x329 HAL/EEPROM/EEPROM.o
 .comment       0x00000000       0x31 HAL/EEPROM/EEPROM.o
 .debug_frame   0x00000000       0x7c HAL/EEPROM/EEPROM.o
 .text          0x00000000        0x0 HAL/LCD/LCD.o
 .data          0x00000000        0x0 HAL/LCD/LCD.o
 .bss           0x00000000        0x0 HAL/LCD/LCD.o
 .text          0x00000000        0x0 main.o
 .data          0x00000000        0x0 main.o
 .bss           0x00000000        0x0 main.o
 .text          0x00000000        0x0 MCAL/DIO/DIO.o
 .data          0x00000000        0x0 MCAL/DIO/DIO.o
 .bss           0x00000000        0x0 MCAL/DIO/DIO.o
 .text.DIO_SetPortDir
                0x00000000       0x20 MCAL/DIO/DIO.o
 .text.DIO_SetPortValue
                0x00000000       0x20 MCAL/DIO/DIO.o
 .text.DIO_ReadPort
                0x00000000       0x32 MCAL/DIO/DIO.o
 .text.DIO_ReadPin
                0x00000000       0x6a MCAL/DIO/DIO.o
 .text.DIO_SetPullUp
                0x00000000       0x68 MCAL/DIO/DIO.o
 .text.DIO_TogglePin
                0x00000000       0x68 MCAL/DIO/DIO.o
 .text          0x00000000        0x0 MCAL/I2C/I2C.o
 .data          0x00000000        0x0 MCAL/I2C/I2C.o
 .bss           0x00000000        0x0 MCAL/I2C/I2C.o
 .text.I2C_Init_Master
                0x00000000       0x10 MCAL/I2C/I2C.o
 .text.I2C_Init_Slave
                0x00000000        0xa MCAL/I2C/I2C.o
 .text.I2C_Start_Cond
                0x00000000       0x14 MCAL/I2C/I2C.o
 .text.I2C_Repeated_Start
                0x00000000       0x14 MCAL/I2C/I2C.o
 .text.I2C_Send_Slave_Address_Write_Operation
                0x00000000       0x18 MCAL/I2C/I2C.o
 .text.I2C_Send_Slave_Address_Read_Operation
                0x00000000       0x1a MCAL/I2C/I2C.o
 .text.I2C_Write_Byte
                0x00000000       0x16 MCAL/I2C/I2C.o
 .text.I2C_Read_Byte
                0x00000000       0x16 MCAL/I2C/I2C.o
 .text.I2C_Stop
                0x00000000        0xc MCAL/I2C/I2C.o
 .text.I2C_Slave_Check_Slave_Address_Received_Write_Operation
                0x00000000       0x14 MCAL/I2C/I2C.o
 .text.I2C_Slave_Check_Slave_Address_Received_Read_Operation
                0x00000000       0x14 MCAL/I2C/I2C.o
 .text.I2C_Slave_Write_Byte
                0x00000000       0x16 MCAL/I2C/I2C.o
 .text.I2C_Slave_Read_Byte
                0x00000000       0x16 MCAL/I2C/I2C.o
 .debug_info    0x00000000      0x1e3 MCAL/I2C/I2C.o
 .debug_abbrev  0x00000000       0x89 MCAL/I2C/I2C.o
 .debug_loc     0x00000000       0x9c MCAL/I2C/I2C.o
 .debug_aranges
                0x00000000       0x80 MCAL/I2C/I2C.o
 .debug_ranges  0x00000000       0x70 MCAL/I2C/I2C.o
 .debug_line    0x00000000      0x2c2 MCAL/I2C/I2C.o
 .debug_str     0x00000000      0x313 MCAL/I2C/I2C.o
 .comment       0x00000000       0x31 MCAL/I2C/I2C.o
 .debug_frame   0x00000000       0xe4 MCAL/I2C/I2C.o
 .text          0x00000000        0x0 MCAL/SPI/SPI.o
 .data          0x00000000        0x0 MCAL/SPI/SPI.o
 .bss           0x00000000        0x0 MCAL/SPI/SPI.o
 .text.SPI_Slave_Init
                0x00000000        0xe MCAL/SPI/SPI.o
 .text.SPI_TermTrans
                0x00000000        0xc MCAL/SPI/SPI.o
 .text          0x00000000        0x0 MCAL/UART/UART.o
 .data          0x00000000        0x0 MCAL/UART/UART.o
 .bss           0x00000000        0x0 MCAL/UART/UART.o
 .text.UART_SendByte
                0x00000000        0x8 MCAL/UART/UART.o
 .text.UART_SendString
                0x00000000       0x2c MCAL/UART/UART.o
 .text          0x00000000        0x0 c:/program files (x86)/atmel/studio/7.0/toolchain/avr8/avr8-gnu-toolchain/bin/../lib/gcc/avr/5.4.0/avr5\libgcc.a(_udivmodsi4.o)
 .data          0x00000000        0x0 c:/program files (x86)/atmel/studio/7.0/toolchain/avr8/avr8-gnu-toolchain/bin/../lib/gcc/avr/5.4.0/avr5\libgcc.a(_udivmodsi4.o)
 .bss           0x00000000        0x0 c:/program files (x86)/atmel/studio/7.0/toolchain/avr8/avr8-gnu-toolchain/bin/../lib/gcc/avr/5.4.0/avr5\libgcc.a(_udivmodsi4.o)
 .text.libgcc.mul
                0x00000000        0x0 c:/program files (x86)/atmel/studio/7.0/toolchain/avr8/avr8-gnu-toolchain/bin/../lib/gcc/avr/5.4.0/avr5\libgcc.a(_udivmodsi4.o)
 .text.libgcc.div
                0x00000000       0x44 c:/program files (x86)/atmel/studio/7.0/toolchain/avr8/avr8-gnu-toolchain/bin/../lib/gcc/avr/5.4.0/avr5\libgcc.a(_udivmodsi4.o)
 .text.libgcc   0x00000000        0x0 c:/program files (x86)/atmel/studio/7.0/toolchain/avr8/avr8-gnu-toolchain/bin/../lib/gcc/avr/5.4.0/avr5\libgcc.a(_udivmodsi4.o)
 .text.libgcc.prologue
                0x00000000        0x0 c:/program files (x86)/atmel/studio/7.0/toolchain/avr8/avr8-gnu-toolchain/bin/../lib/gcc/avr/5.4.0/avr5\libgcc.a(_udivmodsi4.o)
 .text.libgcc.builtins
                0x00000000        0x0 c:/program files (x86)/atmel/studio/7.0/toolchain/avr8/avr8-gnu-toolchain/bin/../lib/gcc/avr/5.4.0/avr5\libgcc.a(_udivmodsi4.o)
 .text.libgcc.fmul
                0x00000000        0x0 c:/program files (x86)/atmel/studio/7.0/toolchain/avr8/avr8-gnu-toolchain/bin/../lib/gcc/avr/5.4.0/avr5\libgcc.a(_udivmodsi4.o)
 .text.libgcc.fixed
                0x00000000        0x0 c:/program files (x86)/atmel/studio/7.0/toolchain/avr8/avr8-gnu-toolchain/bin/../lib/gcc/avr/5.4.0/avr5\libgcc.a(_udivmodsi4.o)
 .text          0x00000000        0x0 c:/program files (x86)/atmel/studio/7.0/toolchain/avr8/avr8-gnu-toolchain/bin/../lib/gcc/avr/5.4.0/avr5\libgcc.a(_exit.o)
 .data          0x00000000        0x0 c:/program files (x86)/atmel/studio/7.0/toolchain/avr8/avr8-gnu-toolchain/bin/../lib/gcc/avr/5.4.0/avr5\libgcc.a(_exit.o)
 .bss           0x00000000        0x0 c:/program files (x86)/atmel/studio/7.0/toolchain/avr8/avr8-gnu-toolchain/bin/../lib/gcc/avr/5.4.0/avr5\libgcc.a(_exit.o)
 .text.libgcc.mul
                0x00000000        0x0 c:/program files (x86)/atmel/studio/7.0/toolchain/avr8/avr8-gnu-toolchain/bin/../lib/gcc/avr/5.4.0/avr5\libgcc.a(_exit.o)
 .text.libgcc.div
                0x00000000        0x0 c:/program files (x86)/atmel/studio/7.0/toolchain/avr8/avr8-gnu-toolchain/bin/../lib/gcc/avr/5.4.0/avr5\libgcc.a(_exit.o)
 .text.libgcc   0x00000000        0x0 c:/program files (x86)/atmel/studio/7.0/toolchain/avr8/avr8-gnu-toolchain/bin/../lib/gcc/avr/5.4.0/avr5\libgcc.a(_exit.o)
 .text.libgcc.prologue
                0x00000000        0x0 c:/program files (x86)/atmel/studio/7.0/toolchain/avr8/avr8-gnu-toolchain/bin/../lib/gcc/avr/5.4.0/avr5\libgcc.a(_exit.o)
 .text.libgcc.builtins
                0x00000000        0x0 c:/program files (x86)/atmel/studio/7.0/toolchain/avr8/avr8-gnu-toolchain/bin/../lib/gcc/avr/5.4.0/avr5\libgcc.a(_exit.o)
 .text.libgcc.fmul
                0x00000000        0x0 c:/program files (x86)/atmel/studio/7.0/toolchain/avr8/avr8-gnu-toolchain/bin/../lib/gcc/avr/5.4.0/avr5\libgcc.a(_exit.o)
 .text.libgcc.fixed
                0x00000000        0x0 c:/program files (x86)/atmel/studio/7.0/toolchain/avr8/avr8-gnu-toolchain/bin/../lib/gcc/avr/5.4.0/avr5\libgcc.a(_exit.o)
 .text          0x00000000        0x0 c:/program files (x86)/atmel/studio/7.0/toolchain/avr8/avr8-gnu-toolchain/bin/../lib/gcc/avr/5.4.0/avr5\libgcc.a(_copy_data.o)
 .data          0x00000000        0x0 c:/program files (x86)/atmel/studio/7.0/toolchain/avr8/avr8-gnu-toolchain/bin/../lib/gcc/avr/5.4.0/avr5\libgcc.a(_copy_data.o)
 .bss           0x00000000        0x0 c:/program files (x86)/atmel/studio/7.0/toolchain/avr8/avr8-gnu-toolchain/bin/../lib/gcc/avr/5.4.0/avr5\libgcc.a(_copy_data.o)
 .text.libgcc.mul
                0x00000000        0x0 c:/program files (x86)/atmel/studio/7.0/toolchain/avr8/avr8-gnu-toolchain/bin/../lib/gcc/avr/5.4.0/avr5\libgcc.a(_copy_data.o)
 .text.libgcc.div
                0x00000000        0x0 c:/program files (x86)/atmel/studio/7.0/toolchain/avr8/avr8-gnu-toolchain/bin/../lib/gcc/avr/5.4.0/avr5\libgcc.a(_copy_data.o)
 .text.libgcc   0x00000000        0x0 c:/program files (x86)/atmel/studio/7.0/toolchain/avr8/avr8-gnu-toolchain/bin/../lib/gcc/avr/5.4.0/avr5\libgcc.a(_copy_data.o)
 .text.libgcc.prologue
                0x00000000        0x0 c:/program files (x86)/atmel/studio/7.0/toolchain/avr8/avr8-gnu-toolchain/bin/../lib/gcc/avr/5.4.0/avr5\libgcc.a(_copy_data.o)
 .text.libgcc.builtins
                0x00000000        0x0 c:/program files (x86)/atmel/studio/7.0/toolchain/avr8/avr8-gnu-toolchain/bin/../lib/gcc/avr/5.4.0/avr5\libgcc.a(_copy_data.o)
 .text.libgcc.fmul
                0x00000000        0x0 c:/program files (x86)/atmel/studio/7.0/toolchain/avr8/avr8-gnu-toolchain/bin/../lib/gcc/avr/5.4.0/avr5\libgcc.a(_copy_data.o)
 .text.libgcc.fixed
                0x00000000        0x0 c:/program files (x86)/atmel/studio/7.0/toolchain/avr8/avr8-gnu-toolchain/bin/../lib/gcc/avr/5.4.0/avr5\libgcc.a(_copy_data.o)

Memory Configuration

Name             Origin             Length             Attributes
text             0x00000000         0x00020000         xr
data             0x00800060         0x0000ffa0         rw !x
eeprom           0x00810000         0x00010000         rw !x
fuse             0x00820000         0x00000002         rw !x
lock             0x00830000         0x00000400         rw !x
signature        0x00840000         0x00000400         rw !x
user_signatures  0x00850000         0x00000400         rw !x
*default*        0x00000000         0xffffffff

Linker script and memory map

LOAD C:/Program Files (x86)/Atmel/Studio/7.0/Packs/atmel/ATmega_DFP/1.3.300/gcc/dev/atmega32/avr5/crtatmega32.o
LOAD APP/Home_Login.o
LOAD APP/Menu.o
LOAD APP/SignUp.o
LOAD HAL/BLUETOOTH/Bluetooth_UART.o
LOAD HAL/EEPROM/EEPROM.o
LOAD HAL/LCD/LCD.o
LOAD main.o
LOAD MCAL/DIO/DIO.o
LOAD MCAL/I2C/I2C.o
LOAD MCAL/SPI/SPI.o
LOAD MCAL/UART/UART.o
START GROUP
LOAD c:/program files (x86)/atmel/studio/7.0/toolchain/avr8/avr8-gnu-toolchain/bin/../lib/gcc/avr/5.4.0/../../../../avr/lib/avr5\libm.a
END GROUP
START GROUP
LOAD c:/program files (x86)/atmel/studio/7.0/toolchain/avr8/avr8-gnu-toolchain/bin/../lib/gcc/avr/5.4.0/avr5\libgcc.a
LOAD c:/program files (x86)/atmel/studio/7.0/toolchain/avr8/avr8-gnu-toolchain/bin/../lib/gcc/avr/5.4.0/../../../../avr/lib/avr5\libm.a
LOAD c:/program files (x86)/atmel/studio/7.0/toolchain/avr8/avr8-gnu-toolchain/bin/../lib/gcc/avr/5.4.0/../../../../avr/lib/avr5\libc.a
LOAD C:/Program Files (x86)/Atmel/Studio/7.0/Packs/atmel/ATmega_DFP/1.3.300/gcc/dev/atmega32/avr5\libatmega32.a
END GROUP
                0x00000000                __TEXT_REGION_ORIGIN__ = DEFINED (__TEXT_REGION_ORIGIN__)?__TEXT_REGION_ORIGIN__:0x0
                0x00800060                __DATA_REGION_ORIGIN__ = DEFINED (__DATA_REGION_ORIGIN__)?__DATA_REGION_ORIGIN__:0x800060
                0x00020000                __TEXT_REGION_LENGTH__ = DEFINED (__TEXT_REGION_LENGTH__)?__TEXT_REGION_LENGTH__:0x20000
                0x0000ffa0                __DATA_REGION_LENGTH__ = DEFINED (__DATA_REGION_LENGTH__)?__DATA_REGION_LENGTH__:0xffa0
                0x00010000                __EEPROM_REGION_LENGTH__ = DEFINED (__EEPROM_REGION_LENGTH__)?__EEPROM_REGION_LENGTH__:0x10000
                [0x00000002]                __FUSE_REGION_LENGTH__ = DEFINED (__FUSE_REGION_LENGTH__)?__FUSE_REGION_LENGTH__:0x400
                0x00000400                __LOCK_REGION_LENGTH__ = DEFINED (__LOCK_REGION_LENGTH__)?__LOCK_REGION_LENGTH__:0x400
                0x00000400                __SIGNATURE_REGION_LENGTH__ = DEFINED (__SIGNATURE_REGION_LENGTH__)?__SIGNATURE_REGION_LENGTH__:0x400
                0x00000400                __USER_SIGNATURE_REGION_LENGTH__ = DEFINED (__USER_SIGNATURE_REGION_LENGTH__)?__USER_SIGNATURE_REGION_LENGTH__:0x400

.hash
 *(.hash)

.dynsym
 *(.dynsym)

.dynstr
 *(.dynstr)

.gnu.version
 *(.gnu.version)

.gnu.version_d
 *(.gnu.version_d)

.gnu.version_r
 *(.gnu.version_r)

.rel.init
 *(.rel.init)

.rela.init
 *(.rela.init)

.rel.text
 *(.rel.text)
 *(.rel.text.*)
 *(.rel.gnu.linkonce.t*)

.rela.text
 *(.rela.text)
 *(.rela.text.*)
 *(.rela.gnu.linkonce.t*)

.rel.fini
 *(.rel.fini)

.rela.fini
 *(.rela.fini)

.rel.rodata
 *(.rel.rodata)
 *(.rel.rodata.*)
 *(.rel.gnu.linkonce.r*)

.rela.rodata
 *(.rela.rodata)
 *(.rela.rodata.*)
 *(.rela.gnu.linkonce.r*)

.rel.data
 *(.rel.data)
 *(.rel.data.*)
 *(.rel.gnu.linkonce.d*)

.rela.data
 *(.rela.data)
 *(.rela.data.*)
 *(.rela.gnu.linkonce.d*)

.rel.ctors
 *(.rel.ctors)

.rela.ctors
 *(.rela.ctors)

.rel.dtors
 *(.rel.dtors)

.rela.dtors
 *(.rela.dtors)

.rel.got
 *(.rel.got)

.rela.got
 *(.rela.got)

.rel.bss
 *(.rel.bss)

.rela.bss
 *(.rela.bss)

.rel.plt
 *(.rel.plt)

.rela.plt
 *(.rela.plt)

.text           0x00000000      0x746
 *(.vectors)
 .vectors       0x00000000       0x54 C:/Program Files (x86)/Atmel/Studio/7.0/Packs/atmel/ATmega_DFP/1.3.300/gcc/dev/atmega32/avr5/crtatmega32.o
                0x00000000                __vector_default
                0x00000000                __vectors
 *(.vectors)
 *(.progmem.gcc*)
                0x00000054                . = ALIGN (0x2)
                0x00000054                __trampolines_start = .
 *(.trampolines)
 .trampolines   0x00000054        0x0 linker stubs
 *(.trampolines*)
                0x00000054                __trampolines_end = .
 *libprintf_flt.a:*(.progmem.data)
 *libc.a:*(.progmem.data)
 *(.progmem*)
                0x00000054                . = ALIGN (0x2)
 *(.jumptables)
 *(.jumptables*)
 *(.lowtext)
 *(.lowtext*)
                0x00000054                __ctors_start = .
 *(.ctors)
                0x00000054                __ctors_end = .
                0x00000054                __dtors_start = .
 *(.dtors)
                0x00000054                __dtors_end = .
 SORT(*)(.ctors)
 SORT(*)(.dtors)
 *(.init0)
 .init0         0x00000054        0x0 C:/Program Files (x86)/Atmel/Studio/7.0/Packs/atmel/ATmega_DFP/1.3.300/gcc/dev/atmega32/avr5/crtatmega32.o
                0x00000054                __init
 *(.init0)
 *(.init1)
 *(.init1)
 *(.init2)
 .init2         0x00000054        0xc C:/Program Files (x86)/Atmel/Studio/7.0/Packs/atmel/ATmega_DFP/1.3.300/gcc/dev/atmega32/avr5/crtatmega32.o
 *(.init2)
 *(.init3)
 *(.init3)
 *(.init4)
 .init4         0x00000060       0x16 c:/program files (x86)/atmel/studio/7.0/toolchain/avr8/avr8-gnu-toolchain/bin/../lib/gcc/avr/5.4.0/avr5\libgcc.a(_copy_data.o)
                0x00000060                __do_copy_data
 *(.init4)
 *(.init5)
 *(.init5)
 *(.init6)
 *(.init6)
 *(.init7)
 *(.init7)
 *(.init8)
 *(.init8)
 *(.init9)
 .init9         0x00000076        0x8 C:/Program Files (x86)/Atmel/Studio/7.0/Packs/atmel/ATmega_DFP/1.3.300/gcc/dev/atmega32/avr5/crtatmega32.o
 *(.init9)
 *(.text)
 .text          0x0000007e        0x4 C:/Program Files (x86)/Atmel/Studio/7.0/Packs/atmel/ATmega_DFP/1.3.300/gcc/dev/atmega32/avr5/crtatmega32.o
                0x0000007e                __vector_1
                0x0000007e                __vector_12
                0x0000007e                __bad_interrupt
                0x0000007e                __vector_6
                0x0000007e                __vector_3
                0x0000007e                __vector_11
                0x0000007e                __vector_13
                0x0000007e                __vector_17
                0x0000007e                __vector_19
                0x0000007e                __vector_7
                0x0000007e                __vector_5
                0x0000007e                __vector_4
                0x0000007e                __vector_9
                0x0000007e                __vector_2
                0x0000007e                __vector_15
                0x0000007e                __vector_8
                0x0000007e                __vector_14
                0x0000007e                __vector_10
                0x0000007e                __vector_16
                0x0000007e                __vector_18
                0x0000007e                __vector_20
                0x00000082                . = ALIGN (0x2)
 *(.text.*)
 .text.Bluetooth_Init
                0x00000082        0x6 HAL/BLUETOOTH/Bluetooth_UART.o
                0x00000082                Bluetooth_Init
 .text.Bluetooth_Receive
                0x00000088        0x6 HAL/BLUETOOTH/Bluetooth_UART.o
                0x00000088                Bluetooth_Receive
 .text.LCD_WriteCommand
                0x0000008e       0x90 HAL/LCD/LCD.o
                0x0000008e                LCD_WriteCommand
 .text.LCD_Init
                0x0000011e       0x84 HAL/LCD/LCD.o
                0x0000011e                LCD_Init
 .text.LCD_WriteData
                0x000001a2       0x90 HAL/LCD/LCD.o
                0x000001a2                LCD_WriteData
 .text.LCD_GoTo
                0x00000232       0x2a HAL/LCD/LCD.o
                0x00000232                LCD_GoTo
 .text.LCD_WriteString
                0x0000025c       0x2c HAL/LCD/LCD.o
                0x0000025c                LCD_WriteString
 .text.LCD_Clear
                0x00000288       0x1a HAL/LCD/LCD.o
                0x00000288                LCD_Clear
 .text.Waheed_Welcome_MSG
                0x000002a2      0x108 main.o
                0x000002a2                Waheed_Welcome_MSG
 .text.main     0x000003aa      0x17c main.o
                0x000003aa                main
 .text.DIO_SetPinDir
                0x00000526       0xe2 MCAL/DIO/DIO.o
                0x00000526                DIO_SetPinDir
 .text.DIO_SetPinValue
                0x00000608       0xe2 MCAL/DIO/DIO.o
                0x00000608                DIO_SetPinValue
 .text.SPI_Master_Init
                0x000006ea       0x12 MCAL/SPI/SPI.o
                0x000006ea                SPI_Master_Init
 .text.SPI_Transfer
                0x000006fc        0xa MCAL/SPI/SPI.o
                0x000006fc                SPI_Transfer
 .text.SPI_InitTrans
                0x00000706        0xc MCAL/SPI/SPI.o
                0x00000706                SPI_InitTrans
 .text.UART_Init
                0x00000712       0x28 MCAL/UART/UART.o
                0x00000712                UART_Init
 .text.UART_ReceiveByte
                0x0000073a        0x8 MCAL/UART/UART.o
                0x0000073a                UART_ReceiveByte
                0x00000742                . = ALIGN (0x2)
 *(.fini9)
 .fini9         0x00000742        0x0 c:/program files (x86)/atmel/studio/7.0/toolchain/avr8/avr8-gnu-toolchain/bin/../lib/gcc/avr/5.4.0/avr5\libgcc.a(_exit.o)
                0x00000742                _exit
                0x00000742                exit
 *(.fini9)
 *(.fini8)
 *(.fini8)
 *(.fini7)
 *(.fini7)
 *(.fini6)
 *(.fini6)
 *(.fini5)
 *(.fini5)
 *(.fini4)
 *(.fini4)
 *(.fini3)
 *(.fini3)
 *(.fini2)
 *(.fini2)
 *(.fini1)
 *(.fini1)
 *(.fini0)
 .fini0         0x00000742        0x4 c:/program files (x86)/atmel/studio/7.0/toolchain/avr8/avr8-gnu-toolchain/bin/../lib/gcc/avr/5.4.0/avr5\libgcc.a(_exit.o)
 *(.fini0)
                0x00000746                _etext = .

.data           0x00800060      0x18a load address 0x00000746
                0x00800060                PROVIDE (__data_start, .)
 *(.data)
 *(.data*)
 *(.gnu.linkonce.d*)
 *(.rodata)
 *(.rodata*)
 .rodata.str1.1
                0x00800060      0x189 main.o
 *(.gnu.linkonce.r*)
                0x008001ea                . = ALIGN (0x2)
 *fill*         0x008001e9        0x1 
                0x008001ea                _edata = .
                0x008001ea                PROVIDE (__data_end, .)

.bss            0x008001ea        0x0
                [!provide]                PROVIDE (__bss_start, .)
 *(.bss)
 *(.bss*)
 *(COMMON)
                [!provide]                PROVIDE (__bss_end, .)
                0x00000746                __data_load_start = LOADADDR (.data)
                0x000008d0                __data_load_end = (__data_load_start + SIZEOF (.data))

.noinit         0x008001ea        0x0
                [!provide]                PROVIDE (__noinit_start, .)
 *(.noinit*)
                [!provide]                PROVIDE (__noinit_end, .)
                0x008001ea                _end = .
                [!provide]                PROVIDE (__heap_start, .)

.eeprom         0x00810000        0x0
 *(.eeprom*)
                0x00810000                __eeprom_end = .

.fuse
 *(.fuse)
 *(.lfuse)
 *(.hfuse)
 *(.efuse)

.lock
 *(.lock*)

.signature
 *(.signature*)

.user_signatures
 *(.user_signatures*)

.stab
 *(.stab)

.stabstr
 *(.stabstr)

.stab.excl
 *(.stab.excl)

.stab.exclstr
 *(.stab.exclstr)

.stab.index
 *(.stab.index)

.stab.indexstr
 *(.stab.indexstr)

.comment        0x00000000       0x30
 *(.comment)
 .comment       0x00000000       0x30 HAL/BLUETOOTH/Bluetooth_UART.o
                                 0x31 (size before relaxing)
 .comment       0x00000030       0x31 HAL/LCD/LCD.o
 .comment       0x00000030       0x31 main.o
 .comment       0x00000030       0x31 MCAL/DIO/DIO.o
 .comment       0x00000030       0x31 MCAL/SPI/SPI.o
 .comment       0x00000030       0x31 MCAL/UART/UART.o

.note.gnu.avr.deviceinfo
                0x00000000       0x3c
 .note.gnu.avr.deviceinfo
                0x00000000       0x3c C:/Program Files (x86)/Atmel/Studio/7.0/Packs/atmel/ATmega_DFP/1.3.300/gcc/dev/atmega32/avr5/crtatmega32.o

.note.gnu.build-id
 *(.note.gnu.build-id)

.debug
 *(.debug)

.line
 *(.line)

.debug_srcinfo
 *(.debug_srcinfo)

.debug_sfnames
 *(.debug_sfnames)

.debug_aranges  0x00000000      0x180
 *(.debug_aranges)
 .debug_aranges
                0x00000000       0x40 HAL/BLUETOOTH/Bluetooth_UART.o
 .debug_aranges
                0x00000040       0x48 HAL/LCD/LCD.o
 .debug_aranges
                0x00000088       0x28 main.o
 .debug_aranges
                0x000000b0       0x58 MCAL/DIO/DIO.o
 .debug_aranges
                0x00000108       0x40 MCAL/SPI/SPI.o
 .debug_aranges
                0x00000148       0x38 MCAL/UART/UART.o

.debug_pubnames
 *(.debug_pubnames)

.debug_info     0x00000000     0x1e43
 *(.debug_info .gnu.linkonce.wi.*)
 .debug_info    0x00000000      0x4e6 C:/Program Files (x86)/Atmel/Studio/7.0/Packs/atmel/ATmega_DFP/1.3.300/gcc/dev/atmega32/avr5/crtatmega32.o
 .debug_info    0x000004e6      0x218 HAL/BLUETOOTH/Bluetooth_UART.o
 .debug_info    0x000006fe      0x77a HAL/LCD/LCD.o
 .debug_info    0x00000e78      0x8d9 main.o
 .debug_info    0x00001751      0x334 MCAL/DIO/DIO.o
 .debug_info    0x00001a85      0x1c4 MCAL/SPI/SPI.o
 .debug_info    0x00001c49      0x1fa MCAL/UART/UART.o

.debug_abbrev   0x00000000      0xb7d
 *(.debug_abbrev)
 .debug_abbrev  0x00000000      0x4a3 C:/Program Files (x86)/Atmel/Studio/7.0/Packs/atmel/ATmega_DFP/1.3.300/gcc/dev/atmega32/avr5/crtatmega32.o
 .debug_abbrev  0x000004a3      0x150 HAL/BLUETOOTH/Bluetooth_UART.o
 .debug_abbrev  0x000005f3      0x185 HAL/LCD/LCD.o
 .debug_abbrev  0x00000778      0x128 main.o
 .debug_abbrev  0x000008a0       0xd9 MCAL/DIO/DIO.o
 .debug_abbrev  0x00000979       0xd9 MCAL/SPI/SPI.o
 .debug_abbrev  0x00000a52      0x12b MCAL/UART/UART.o

.debug_line     0x00000000      0xe13
 *(.debug_line .debug_line.* .debug_line_end)
 .debug_line    0x00000000      0x115 C:/Program Files (x86)/Atmel/Studio/7.0/Packs/atmel/ATmega_DFP/1.3.300/gcc/dev/atmega32/avr5/crtatmega32.o
 .debug_line    0x00000115      0x15c HAL/BLUETOOTH/Bluetooth_UART.o
 .debug_line    0x00000271      0x326 HAL/LCD/LCD.o
 .debug_line    0x00000597      0x3e9 main.o
 .debug_line    0x00000980      0x22d MCAL/DIO/DIO.o
 .debug_line    0x00000bad      0x12e MCAL/SPI/SPI.o
 .debug_line    0x00000cdb      0x138 MCAL/UART/UART.o

.debug_frame    0x00000000      0x2dc
 *(.debug_frame)
 .debug_frame   0x00000000       0xa8 HAL/BLUETOOTH/Bluetooth_UART.o
 .debug_frame   0x000000a8       0xa4 HAL/LCD/LCD.o
 .debug_frame   0x0000014c       0x34 main.o
 .debug_frame   0x00000180       0x94 MCAL/DIO/DIO.o
 .debug_frame   0x00000214       0x64 MCAL/SPI/SPI.o
 .debug_frame   0x00000278       0x64 MCAL/UART/UART.o

.debug_str      0x00000000      0x7d3
 *(.debug_str)
 .debug_str     0x00000000      0x196 C:/Program Files (x86)/Atmel/Studio/7.0/Packs/atmel/ATmega_DFP/1.3.300/gcc/dev/atmega32/avr5/crtatmega32.o
 .debug_str     0x00000196      0x239 HAL/BLUETOOTH/Bluetooth_UART.o
                                0x26c (size before relaxing)
 .debug_str     0x000003cf      0x167 HAL/LCD/LCD.o
                                0x31e (size before relaxing)
 .debug_str     0x00000536       0xfe main.o
                                0x2e2 (size before relaxing)
 .debug_str     0x00000634      0x123 MCAL/DIO/DIO.o
                                0x2d2 (size before relaxing)
 .debug_str     0x00000757       0x3f MCAL/SPI/SPI.o
                                0x27d (size before relaxing)
 .debug_str     0x00000796       0x3d MCAL/UART/UART.o
                                0x27d (size before relaxing)

.debug_loc      0x00000000      0xccf
 *(.debug_loc)
 .debug_loc     0x00000000      0x239 HAL/BLUETOOTH/Bluetooth_UART.o
 .debug_loc     0x00000239      0x3f9 HAL/LCD/LCD.o
 .debug_loc     0x00000632      0x24d main.o
 .debug_loc     0x0000087f      0x350 MCAL/DIO/DIO.o
 .debug_loc     0x00000bcf       0x3e MCAL/SPI/SPI.o
 .debug_loc     0x00000c0d       0xc2 MCAL/UART/UART.o

.debug_macinfo
 *(.debug_macinfo)

.debug_weaknames
 *(.debug_weaknames)

.debug_funcnames
 *(.debug_funcnames)

.debug_typenames
 *(.debug_typenames)

.debug_varnames
 *(.debug_varnames)

.debug_pubtypes
 *(.debug_pubtypes)

.debug_ranges   0x00000000      0x120
 *(.debug_ranges)
 .debug_ranges  0x00000000       0x30 HAL/BLUETOOTH/Bluetooth_UART.o
 .debug_ranges  0x00000030       0x38 HAL/LCD/LCD.o
 .debug_ranges  0x00000068       0x18 main.o
 .debug_ranges  0x00000080       0x48 MCAL/DIO/DIO.o
 .debug_ranges  0x000000c8       0x30 MCAL/SPI/SPI.o
 .debug_ranges  0x000000f8       0x28 MCAL/UART/UART.o

.debug_macro
 *(.debug_macro)
OUTPUT(A.Waheed_SmartHome_Project MC1 (MASTER).elf elf32-avr)
LOAD linker stubs
